{
  "cuda_compiler": {
    "returncode": 0,
    "stderr": "",
    "stdout": ""
  },
  "disk": {
    "returncode": 0,
    "stderr": "",
    "stdout": "Filesystem         1B-blocks          Used    Available Use% Mounted on\n/dev/nvme1n1   3838880616448 3422561726464 416318889984  90% /data\noverlay         468191526912  428271923200  16061566976  97% /\noverlay         468191526912  428271923200  16061566976  97% /"
  },
  "gpu_query": {
    "returncode": 0,
    "stderr": "",
    "stdout": "0, NVIDIA GeForce RTX 4090, 49140 MiB, 48520 MiB, 570.158.01\n1, NVIDIA GeForce RTX 4090, 49140 MiB, 48520 MiB, 570.158.01\n2, NVIDIA GeForce RTX 4090, 49140 MiB, 48520 MiB, 570.158.01\n3, NVIDIA GeForce RTX 4090, 49140 MiB, 48520 MiB, 570.158.01\n4, NVIDIA GeForce RTX 4090, 46068 MiB, 45466 MiB, 570.158.01\n5, NVIDIA GeForce RTX 4090, 49140 MiB, 48520 MiB, 570.158.01\n6, NVIDIA GeForce RTX 4090, 49140 MiB, 48520 MiB, 570.158.01\n7, NVIDIA GeForce RTX 4090, 49140 MiB, 48520 MiB, 570.158.01"
  },
  "host": "706124b042cd",
  "platform": "Linux-5.15.0-94-generic-x86_64-with-glibc2.35",
  "python_stack": {
    "cuda_available": true,
    "gpu_count": 8,
    "huggingface_hub": "1.18.0",
    "python": "3.11.15 (main, Mar 11 2026, 17:20:07) [GCC 14.3.0]",
    "torch": "2.7.1+cu126",
    "torch_cuda": "12.6",
    "transformers": "5.11.0"
  },
  "ram": {
    "returncode": 0,
    "stderr": "",
    "stdout": "total        used        free      shared  buff/cache   available\nMem:     405315293184  9101672448  8273960960     4616192 387939659776 393239027712\nSwap:     8589930496  1361010688  7228919808"
  }
}
